../Core/Src/main.c:92:5:main	8	static
../Core/Src/main.c:138:6:SystemClock_Config	80	static
../Core/Src/main.c:179:13:MX_ADC_Init	24	static
../Core/Src/main.c:233:13:MX_TIM3_Init	32	static
../Core/Src/main.c:278:13:MX_USART2_UART_Init	8	static
../Core/Src/main.c:313:13:MX_GPIO_Init	48	static
../Core/Src/main.c:355:6:TIM3_IRQHandler	8	static
../Core/Src/main.c:370:6:EXTI0_1_IRQHandler	16	static
../Core/Src/main.c:427:10:pollADC	16	static
../Core/Src/main.c:448:6:Error_Handler	8	static,ignoring_inline_asm
