../Core/Src/main.c:96:5:main	8	static
../Core/Src/main.c:142:6:SystemClock_Config	80	static
../Core/Src/main.c:183:13:MX_ADC_Init	24	static
../Core/Src/main.c:237:13:MX_TIM3_Init	32	static
../Core/Src/main.c:282:13:MX_USART2_UART_Init	8	static
../Core/Src/main.c:317:13:MX_GPIO_Init	48	static
../Core/Src/main.c:359:6:TIM3_IRQHandler	8	static
../Core/Src/main.c:380:6:EXTI0_1_IRQHandler	16	static
../Core/Src/main.c:449:5:CheckMessageType	16	static
../Core/Src/main.c:466:10:pollADC	16	static
../Core/Src/main.c:479:6:SendData	8	static
../Core/Src/main.c:537:6:clear	24	static
../Core/Src/main.c:554:6:Error_Handler	8	static,ignoring_inline_asm
