../Core/Src/main.c:96:5:main	16	static
../Core/Src/main.c:184:6:SystemClock_Config	80	static
../Core/Src/main.c:223:13:MX_TIM3_Init	32	static
../Core/Src/main.c:268:13:MX_USART2_UART_Init	8	static
../Core/Src/main.c:303:13:MX_GPIO_Init	48	static
../Core/Src/main.c:349:6:TIM3_IRQHandler	16	static
../Core/Src/main.c:416:6:EXTI0_1_IRQHandler	8	static
../Core/Src/main.c:446:6:EXTI4_15_IRQHandler	8	static
../Core/Src/main.c:464:6:SaveMessage	8	static
../Core/Src/main.c:480:6:clear	24	static
../Core/Src/main.c:495:6:Error_Handler	8	static,ignoring_inline_asm
